fit0450.c:17:6:inc_kp	40	static
fit0450.c:25:6:dec_kp	40	static
fit0450.c:33:6:set_ang	16	static
fit0450.c:38:6:FIR_start	8	static
fit0450.c:53:6:FIR_stop	8	static
fit0450.c:64:6:reset	8	static
fit0450.c:70:6:proc_ISR_PID	32	static
fit0450.c:151:6:proc_ISR_speed	16	static
fit0450.c:162:6:update_posL	16	static
fit0450.c:171:6:update_posR	16	static
fit0450.c:180:6:FIR_set_ref	16	static
fit0450.c:203:6:set_Kh	24	static
fit0450.c:226:7:calc_hw	8	static
fit0450.c:245:7:calc_PID_motor	32	static
fit0450.c:273:6:move	24	static
fit0450.c:289:6:rotate	24	static
fit0450.c:306:7:calc_PID_angle	64	static
fit0450.c:349:6:ISR_PID_angle	8	static
fit0450.c:354:6:set_px	16	static
