../Core/Src/usart.c:38:6:MX_USART3_UART_Init	8	static
../Core/Src/usart.c:74:6:HAL_UART_MspInit	192	static
../Core/Src/usart.c:117:6:HAL_UART_MspDeInit	16	static
../Core/Src/usart.c:144:6:has_message_from_UART	4	static
../Core/Src/usart.c:149:6:is_transmitting_to_UART	4	static
../Core/Src/usart.c:154:6:reset_UART	8	static
../Core/Src/usart.c:162:6:send_UART	16	static
../Core/Src/usart.c:171:6:read_UART	16	static
../Core/Src/usart.c:176:6:HAL_UART_RxCpltCallback	16	static
../Core/Src/usart.c:209:6:HAL_UART_TxCpltCallback	16	static
